============================= test session starts =============================
platform win32 -- Python 3.13.12, pytest-9.0.2, pluggy-1.6.0 -- C:\Users\ajith\OneDrive\Desktop\TriAegis\.venv\Scripts\python.exe
cachedir: .pytest_cache
rootdir: C:\Users\ajith\OneDrive\Desktop\TriAegis
plugins: anyio-4.12.1, Faker-40.4.0
collecting ... collected 16 items

tests/test_system.py::test_data_generation_distribution_and_quality PASSED [  6%]
tests/test_system.py::test_ml_engine_prediction_format PASSED            [ 12%]
tests/test_system.py::test_priority_and_department_rules PASSED          [ 18%]
tests/test_system.py::test_document_parser_csv_batch PASSED              [ 25%]
tests/test_system.py::test_document_parser_pdf_docx PASSED               [ 31%]
tests/test_system.py::test_database_insert_and_queue PASSED              [ 37%]
tests/test_system.py::test_queue_status_transitions PASSED               [ 43%]
tests/test_system.py::test_validator_rejects_invalid_payload PASSED      [ 50%]
tests/test_system.py::test_parser_unsupported_type PASSED                [ 56%]
tests/test_system.py::test_reporting_generates_pdf_bytes PASSED          [ 62%]
tests/test_system.py::test_database_clear_old_records PASSED             [ 68%]
tests/test_system.py::test_database_prediction_search_api PASSED         [ 75%]
tests/test_system.py::test_healthcheck_passes PASSED                     [ 81%]
tests/test_system.py::test_ehr_analyzer_high_risk PASSED                 [ 87%]
tests/test_system.py::test_ehr_analyzer_low_risk PASSED                  [ 93%]
tests/test_system.py::test_ehr_score_affects_priority PASSED             [100%]

============================== warnings summary ===============================
.venv\Lib\site-packages\PyPDF2\__init__.py:21
  C:\Users\ajith\OneDrive\Desktop\TriAegis\.venv\Lib\site-packages\PyPDF2\__init__.py:21: DeprecationWarning: PyPDF2 is deprecated. Please move to the pypdf library instead.
    warnings.warn(

-- Docs: https://docs.pytest.org/en/stable/how-to/capture-warnings.html
======================== 16 passed, 1 warning in 3.23s ========================
